(delay
  (lam
    case_Tuple2_75
    [
      [ case_Tuple2_75 (con integer 1) ]
      (delay
        (lam
          case_Nil_63
          (lam
            case_Cons_64
            [
              [ case_Cons_64 (con integer 2) ]
              (delay
                (lam
                  case_Nil_63
                  (lam
                    case_Cons_64
                    [
                      [ case_Cons_64 (con integer 3) ]
                      (delay (lam case_Nil_59 (lam case_Cons_60 case_Nil_59)))
                    ]
                  )
                )
              )
            ]
          )
        )
      )
    ]
  )
)